test/cli/enable-experimental-requires-ancestor/enable-experimental-requires-ancestor.rb:6: `requires_ancestor` is an experimental feature. Use `--enable-experimental-requires-ancestor` to enable it https://srb.help/5066
     6 |  requires_ancestor Kernel
          ^^^^^^^^^^^^^^^^^^^^^^^^
Errors: 1
--------------------------------------------------------------------------
test/cli/enable-experimental-requires-ancestor/enable-experimental-requires-ancestor.rb:9: `Bar` must include `Kernel` (required by `Foo`) https://srb.help/5064
     9 |class Bar < BasicObject
        ^^^^^^^^^^^^^^^^^^^^^^^
    test/cli/enable-experimental-requires-ancestor/enable-experimental-requires-ancestor.rb:6: required by `Foo` here
     6 |  requires_ancestor Kernel
                            ^^^^^^
Errors: 1
